// Jest Snapshot v1, https://goo.gl/fbAQLP

exports[`GitHub should render some items when data arrives 1`] = `null`;
